exports[`test renders correctly 1`] = `
<div
  style={
    Object {
      "alignItems": "stretch",
      "backgroundColor": "#cfcfcf",
      "flex": 1,
    }
  }>
  <div
    style={
      Object {
        "alignItems": "center",
        "backgroundColor": "lightgray",
        "flex": 1,
        "justifyContent": "center",
      }
    }>
    <span>
      Loading
    </span>
  </div>
</div>
`;
